Importer Log Report
Project : SatelliteDevBoard.PrjPcb

Section : Analyze Document - C:\Users\jacob\OneDrive - Georgia Institute of Technology\Documents\iridium-satellite-comm\SatelliteDevBoard.lbr
    Analyzing data of C:\Users\jacob\OneDrive - Georgia Institute of Technology\Documents\iridium-satellite-comm\SatelliteDevBoard.lbr
    Load settings
    Load layers 159
    Load library
    Load Library library
    Load Library ""
    Load Packages 12
    Load Symbols 0
    Load DeviceSets 0
EndSection

Section : Analyze Document - C:\Users\jacob\OneDrive - Georgia Institute of Technology\Documents\iridium-satellite-comm\SatelliteDevBoard.brd
    Analyzing data of C:\Users\jacob\OneDrive - Georgia Institute of Technology\Documents\iridium-satellite-comm\SatelliteDevBoard.brd
    Load settings
    Load layers 163
    Load board
    Load Library "nootropicdesign"
    Load Packages 12
EndSection

Section : Analyze Document - C:\Users\jacob\OneDrive - Georgia Institute of Technology\Documents\iridium-satellite-comm\SatelliteDevBoard.sch
    Analyzing data of C:\Users\jacob\OneDrive - Georgia Institute of Technology\Documents\iridium-satellite-comm\SatelliteDevBoard.sch
    Load settings
    Load layers 163
    Load schematic
    Load Libraries 3
    Load Library "frames"
    Load Packages 0
    Load Symbols 2
    Load DeviceSets 1
    Load Library "nootropicdesign"
    Load Packages 68
    Load Symbols 12
    Load DeviceSets 12
    Load Library "supply1"
    Load Packages 0
    Load Symbols 3
    Load DeviceSets 3
    Load Attributes 0
    Load Classes 1
    Load Parts 39
    Load Sheets 1
EndSection
